export const snapshot = {};

snapshot[`createLanguageSpecs 1`] = `
{
  "markdown-inline": {
    deepClone: false,
    fetchLFS: false,
    fetchSubmodules: false,
    generate: false,
    grammar: "markdown",
    language: "markdown_inline",
    location: "tree-sitter-markdown-inline",
    url: "https://github.com/MDeiml/tree-sitter-markdown",
  },
  "ocaml-interface": {
    deepClone: false,
    fetchLFS: false,
    fetchSubmodules: false,
    generate: false,
    grammar: "ocaml",
    language: "ocaml-interface",
    location: "interface",
    url: "https://github.com/tree-sitter/tree-sitter-ocaml",
  },
  "org-nvim": {
    deepClone: false,
    fetchLFS: false,
    fetchSubmodules: false,
    generate: false,
    grammar: "org",
    language: "org",
    location: ".",
    url: "https://github.com/milisims/tree-sitter-org",
  },
  bash: {
    deepClone: false,
    fetchLFS: false,
    fetchSubmodules: false,
    generate: false,
    grammar: "bash",
    language: "bash",
    location: ".",
    url: "https://github.com/tree-sitter/tree-sitter-bash",
  },
  beancount: {
    deepClone: false,
    fetchLFS: false,
    fetchSubmodules: false,
    generate: false,
    grammar: "beancount",
    language: "beancount",
    location: ".",
    url: "https://github.com/polarmutex/tree-sitter-beancount",
  },
  bibtex: {
    deepClone: false,
    fetchLFS: false,
    fetchSubmodules: false,
    generate: false,
    grammar: "bibtex",
    language: "bibtex",
    location: ".",
    url: "https://github.com/latex-lsp/tree-sitter-bibtex",
  },
  c: {
    deepClone: false,
    fetchLFS: false,
    fetchSubmodules: false,
    generate: false,
    grammar: "c",
    language: "c",
    location: ".",
    url: "https://github.com/tree-sitter/tree-sitter-c-sharp",
  },
  clojure: {
    deepClone: false,
    fetchLFS: false,
    fetchSubmodules: false,
    generate: false,
    grammar: "clojure",
    language: "clojure",
    location: ".",
    url: "https://github.com/sogaiu/tree-sitter-clojure",
  },
  cmake: {
    deepClone: false,
    fetchLFS: false,
    fetchSubmodules: false,
    generate: false,
    grammar: "cmake",
    language: "cmake",
    location: ".",
    url: "https://github.com/uyha/tree-sitter-cmake",
  },
  comment: {
    deepClone: false,
    fetchLFS: false,
    fetchSubmodules: false,
    generate: false,
    grammar: "comment",
    language: "comment",
    location: ".",
    url: "https://github.com/stsewd/tree-sitter-comment",
  },
  commonlisp: {
    deepClone: false,
    fetchLFS: false,
    fetchSubmodules: false,
    generate: false,
    grammar: "commonlisp",
    language: "commonlisp",
    location: ".",
    url: "https://github.com/thehamsta/tree-sitter-commonlisp",
  },
  cpp: {
    deepClone: false,
    fetchLFS: false,
    fetchSubmodules: false,
    generate: false,
    grammar: "cpp",
    language: "cpp",
    location: ".",
    url: "https://github.com/tree-sitter/tree-sitter-cpp",
  },
  css: {
    deepClone: false,
    fetchLFS: false,
    fetchSubmodules: false,
    generate: false,
    grammar: "css",
    language: "css",
    location: ".",
    url: "https://github.com/tree-sitter/tree-sitter-css",
  },
  cuda: {
    deepClone: false,
    fetchLFS: false,
    fetchSubmodules: false,
    generate: false,
    grammar: "cuda",
    language: "cuda",
    location: ".",
    url: "https://github.com/thehamsta/tree-sitter-cuda",
  },
  cue: {
    deepClone: false,
    fetchLFS: false,
    fetchSubmodules: false,
    generate: false,
    grammar: "cue",
    language: "cue",
    location: ".",
    url: "https://github.com/eonpatapon/tree-sitter-cue",
  },
  dart: {
    deepClone: false,
    fetchLFS: false,
    fetchSubmodules: false,
    generate: false,
    grammar: "dart",
    language: "dart",
    location: ".",
    url: "https://github.com/usernobody14/tree-sitter-dart",
  },
  devicetree: {
    deepClone: false,
    fetchLFS: false,
    fetchSubmodules: false,
    generate: false,
    grammar: "devicetree",
    language: "devicetree",
    location: ".",
    url: "https://github.com/joelspadin/tree-sitter-devicetree",
  },
  dockerfile: {
    deepClone: false,
    fetchLFS: false,
    fetchSubmodules: false,
    generate: false,
    grammar: "dockerfile",
    language: "dockerfile",
    location: ".",
    url: "https://github.com/camdencheek/tree-sitter-dockerfile",
  },
  dot: {
    deepClone: false,
    fetchLFS: false,
    fetchSubmodules: false,
    generate: false,
    grammar: "dot",
    language: "dot",
    location: ".",
    url: "https://github.com/rydesun/tree-sitter-dot",
  },
  eex: {
    deepClone: false,
    fetchLFS: false,
    fetchSubmodules: false,
    generate: false,
    grammar: "eex",
    language: "eex",
    location: ".",
    url: "https://github.com/connorlay/tree-sitter-eex",
  },
  elisp: {
    deepClone: false,
    fetchLFS: false,
    fetchSubmodules: false,
    generate: false,
    grammar: "elisp",
    language: "elisp",
    location: ".",
    url: "https://github.com/wilfred/tree-sitter-elisp",
  },
  elixir: {
    deepClone: false,
    fetchLFS: false,
    fetchSubmodules: false,
    generate: false,
    grammar: "elixir",
    language: "elixir",
    location: ".",
    url: "https://github.com/elixir-lang/tree-sitter-elixir",
  },
  elm: {
    deepClone: false,
    fetchLFS: false,
    fetchSubmodules: false,
    generate: false,
    grammar: "elm",
    language: "elm",
    location: ".",
    url: "https://github.com/elm-tooling/tree-sitter-elm",
  },
  embedded: {
    deepClone: false,
    fetchLFS: false,
    fetchSubmodules: false,
    generate: false,
    grammar: "embedded",
    language: "embedded",
    location: ".",
    url: "https://github.com/tree-sitter/tree-sitter-embedded-template",
  },
  erlang: {
    deepClone: false,
    fetchLFS: false,
    fetchSubmodules: false,
    generate: false,
    grammar: "erlang",
    language: "erlang",
    location: ".",
    url: "https://github.com/abstractmachineslab/tree-sitter-erlang",
  },
  fennel: {
    deepClone: false,
    fetchLFS: false,
    fetchSubmodules: false,
    generate: false,
    grammar: "fennel",
    language: "fennel",
    location: ".",
    url: "https://github.com/travonted/tree-sitter-fennel",
  },
  fish: {
    deepClone: false,
    fetchLFS: false,
    fetchSubmodules: false,
    generate: false,
    grammar: "fish",
    language: "fish",
    location: ".",
    url: "https://github.com/ram02z/tree-sitter-fish",
  },
  fortran: {
    deepClone: false,
    fetchLFS: false,
    fetchSubmodules: false,
    generate: false,
    grammar: "fortran",
    language: "fortran",
    location: ".",
    url: "https://github.com/stadelmanma/tree-sitter-fortran",
  },
  gdscript: {
    deepClone: false,
    fetchLFS: false,
    fetchSubmodules: false,
    generate: false,
    grammar: "gdscript",
    language: "gdscript",
    location: ".",
    url: "https://github.com/prestonknopp/tree-sitter-gdscript",
  },
  glimmer: {
    deepClone: false,
    fetchLFS: false,
    fetchSubmodules: false,
    generate: false,
    grammar: "glimmer",
    language: "glimmer",
    location: ".",
    url: "https://github.com/alexlafroscia/tree-sitter-glimmer",
  },
  glsl: {
    deepClone: false,
    fetchLFS: false,
    fetchSubmodules: false,
    generate: false,
    grammar: "glsl",
    language: "glsl",
    location: ".",
    url: "https://github.com/thehamsta/tree-sitter-glsl",
  },
  go: {
    deepClone: false,
    fetchLFS: false,
    fetchSubmodules: false,
    generate: false,
    grammar: "go",
    language: "go",
    location: ".",
    url: "https://github.com/tree-sitter/tree-sitter-go",
  },
  godot: {
    deepClone: false,
    fetchLFS: false,
    fetchSubmodules: false,
    generate: false,
    grammar: "godot",
    language: "godot",
    location: ".",
    url: "https://github.com/prestonknopp/tree-sitter-godot-resource",
  },
  gomod: {
    deepClone: false,
    fetchLFS: false,
    fetchSubmodules: false,
    generate: false,
    grammar: "gomod",
    language: "gomod",
    location: ".",
    url: "https://github.com/camdencheek/tree-sitter-go-mod",
  },
  gowork: {
    deepClone: false,
    fetchLFS: false,
    fetchSubmodules: false,
    generate: false,
    grammar: "gowork",
    language: "gowork",
    location: ".",
    url: "https://github.com/omertuc/tree-sitter-go-work",
  },
  graphql: {
    deepClone: false,
    fetchLFS: false,
    fetchSubmodules: false,
    generate: false,
    grammar: "graphql",
    language: "graphql",
    location: ".",
    url: "https://github.com/bkegley/tree-sitter-graphql",
  },
  haskell: {
    deepClone: false,
    fetchLFS: false,
    fetchSubmodules: false,
    generate: false,
    grammar: "haskell",
    language: "haskell",
    location: ".",
    url: "https://github.com/tree-sitter/tree-sitter-haskell",
  },
  hcl: {
    deepClone: false,
    fetchLFS: false,
    fetchSubmodules: false,
    generate: false,
    grammar: "hcl",
    language: "hcl",
    location: ".",
    url: "https://github.com/MichaHoffmann/tree-sitter-hcl",
  },
  heex: {
    deepClone: false,
    fetchLFS: false,
    fetchSubmodules: false,
    generate: false,
    grammar: "heex",
    language: "heex",
    location: ".",
    url: "https://github.com/connorlay/tree-sitter-heex",
  },
  hjson: {
    deepClone: false,
    fetchLFS: false,
    fetchSubmodules: false,
    generate: false,
    grammar: "hjson",
    language: "hjson",
    location: ".",
    url: "https://github.com/winston0410/tree-sitter-hjson",
  },
  html: {
    deepClone: false,
    fetchLFS: false,
    fetchSubmodules: false,
    generate: false,
    grammar: "html",
    language: "html",
    location: ".",
    url: "https://github.com/tree-sitter/tree-sitter-html",
  },
  http: {
    deepClone: false,
    fetchLFS: false,
    fetchSubmodules: false,
    generate: false,
    grammar: "http",
    language: "http",
    location: ".",
    url: "https://github.com/ntbbloodbath/tree-sitter-http",
  },
  janet: {
    deepClone: false,
    fetchLFS: false,
    fetchSubmodules: false,
    generate: false,
    grammar: "janet",
    language: "janet",
    location: ".",
    url: "https://github.com/sogaiu/tree-sitter-janet-simple",
  },
  java: {
    deepClone: false,
    fetchLFS: false,
    fetchSubmodules: false,
    generate: false,
    grammar: "java",
    language: "java",
    location: ".",
    url: "https://github.com/tree-sitter/tree-sitter-java",
  },
  javascript: {
    deepClone: false,
    fetchLFS: false,
    fetchSubmodules: false,
    generate: false,
    grammar: "javascript",
    language: "javascript",
    location: ".",
    url: "https://github.com/tree-sitter/tree-sitter-javascript",
  },
  jsdoc: {
    deepClone: false,
    fetchLFS: false,
    fetchSubmodules: false,
    generate: false,
    grammar: "jsdoc",
    language: "jsdoc",
    location: ".",
    url: "https://github.com/tree-sitter/tree-sitter-jsdoc",
  },
  json5: {
    deepClone: false,
    fetchLFS: false,
    fetchSubmodules: false,
    generate: false,
    grammar: "json5",
    language: "json5",
    location: ".",
    url: "https://github.com/joakker/tree-sitter-json5",
  },
  json: {
    deepClone: false,
    fetchLFS: false,
    fetchSubmodules: false,
    generate: false,
    grammar: "json",
    language: "json",
    location: ".",
    url: "https://github.com/tree-sitter/tree-sitter-json",
  },
  jsonnet: {
    deepClone: false,
    fetchLFS: false,
    fetchSubmodules: false,
    generate: false,
    grammar: "jsonnet",
    language: "jsonnet",
    location: ".",
    url: "https://github.com/sourcegraph/tree-sitter-jsonnet",
  },
  julia: {
    deepClone: false,
    fetchLFS: false,
    fetchSubmodules: false,
    generate: false,
    grammar: "julia",
    language: "julia",
    location: ".",
    url: "https://github.com/tree-sitter/tree-sitter-julia",
  },
  kotlin: {
    deepClone: false,
    fetchLFS: false,
    fetchSubmodules: false,
    generate: false,
    grammar: "kotlin",
    language: "kotlin",
    location: ".",
    url: "https://github.com/fwcd/tree-sitter-kotlin",
  },
  latex: {
    deepClone: false,
    fetchLFS: false,
    fetchSubmodules: false,
    generate: false,
    grammar: "latex",
    language: "latex",
    location: ".",
    url: "https://github.com/latex-lsp/tree-sitter-latex",
  },
  ledger: {
    deepClone: false,
    fetchLFS: false,
    fetchSubmodules: false,
    generate: false,
    grammar: "ledger",
    language: "ledger",
    location: ".",
    url: "https://github.com/cbarrete/tree-sitter-ledger",
  },
  llvm: {
    deepClone: false,
    fetchLFS: false,
    fetchSubmodules: false,
    generate: false,
    grammar: "llvm",
    language: "llvm",
    location: ".",
    url: "https://github.com/benwilliamgraham/tree-sitter-llvm",
  },
  lua: {
    deepClone: false,
    fetchLFS: false,
    fetchSubmodules: false,
    generate: false,
    grammar: "lua",
    language: "lua",
    location: ".",
    url: "https://github.com/MunifTanjim/tree-sitter-lua",
  },
  make: {
    deepClone: false,
    fetchLFS: false,
    fetchSubmodules: false,
    generate: false,
    grammar: "make",
    language: "make",
    location: ".",
    url: "https://github.com/alemuller/tree-sitter-make",
  },
  markdown: {
    deepClone: false,
    fetchLFS: false,
    fetchSubmodules: false,
    generate: false,
    grammar: "markdown",
    language: "markdown",
    location: "tree-sitter-markdown",
    url: "https://github.com/MDeiml/tree-sitter-markdown",
  },
  nickel: {
    deepClone: false,
    fetchLFS: false,
    fetchSubmodules: false,
    generate: false,
    grammar: "nickel",
    language: "nickel",
    location: ".",
    url: "https://github.com/nickel-lang/tree-sitter-nickel",
  },
  nix: {
    deepClone: false,
    fetchLFS: false,
    fetchSubmodules: false,
    generate: false,
    grammar: "nix",
    language: "nix",
    location: ".",
    url: "https://github.com/cstrahan/tree-sitter-nix",
  },
  norg: {
    deepClone: false,
    fetchLFS: false,
    fetchSubmodules: false,
    generate: false,
    grammar: "norg",
    language: "norg",
    location: ".",
    url: "https://github.com/nvim-neorg/tree-sitter-norg",
  },
  nu: {
    deepClone: false,
    fetchLFS: false,
    fetchSubmodules: false,
    generate: false,
    grammar: "nu",
    language: "nu",
    location: ".",
    url: "https://github.com/LhKipp/tree-sitter-nu",
  },
  ocaml: {
    deepClone: false,
    fetchLFS: false,
    fetchSubmodules: false,
    generate: false,
    grammar: "ocaml",
    language: "ocaml",
    location: "ocaml",
    url: "https://github.com/tree-sitter/tree-sitter-ocaml",
  },
  org: {
    deepClone: false,
    fetchLFS: false,
    fetchSubmodules: false,
    generate: false,
    grammar: "org",
    language: "org",
    location: ".",
    url: "https://github.com/milisims/tree-sitter-org",
  },
  perl: {
    deepClone: false,
    fetchLFS: false,
    fetchSubmodules: false,
    generate: false,
    grammar: "perl",
    language: "perl",
    location: ".",
    url: "https://github.com/ganezdragon/tree-sitter-perl",
  },
  pgn: {
    deepClone: false,
    fetchLFS: false,
    fetchSubmodules: false,
    generate: false,
    grammar: "pgn",
    language: "pgn",
    location: ".",
    url: "https://github.com/rolandwalker/tree-sitter-pgn",
  },
  php: {
    deepClone: false,
    fetchLFS: false,
    fetchSubmodules: false,
    generate: false,
    grammar: "php",
    language: "php",
    location: ".",
    url: "https://github.com/tree-sitter/tree-sitter-php",
  },
  pioasm: {
    deepClone: false,
    fetchLFS: false,
    fetchSubmodules: false,
    generate: false,
    grammar: "pioasm",
    language: "pioasm",
    location: ".",
    url: "https://github.com/leo60228/tree-sitter-pioasm",
  },
  prisma: {
    deepClone: false,
    fetchLFS: false,
    fetchSubmodules: false,
    generate: false,
    grammar: "prisma",
    language: "prisma",
    location: ".",
    url: "https://github.com/victorhqc/tree-sitter-prisma",
  },
  proto: {
    deepClone: false,
    fetchLFS: false,
    fetchSubmodules: false,
    generate: false,
    grammar: "proto",
    language: "proto",
    location: ".",
    url: "https://github.com/mitchellh/tree-sitter-proto",
  },
  pug: {
    deepClone: false,
    fetchLFS: false,
    fetchSubmodules: false,
    generate: false,
    grammar: "pug",
    language: "pug",
    location: ".",
    url: "https://github.com/zealot128/tree-sitter-pug",
  },
  python: {
    deepClone: false,
    fetchLFS: false,
    fetchSubmodules: false,
    generate: false,
    grammar: "python",
    language: "python",
    location: ".",
    url: "https://github.com/tree-sitter/tree-sitter-python",
  },
  ql: {
    deepClone: false,
    fetchLFS: false,
    fetchSubmodules: false,
    generate: false,
    grammar: "ql",
    language: "ql",
    location: ".",
    url: "https://github.com/tree-sitter/tree-sitter-ql-dbscheme",
  },
  query: {
    deepClone: false,
    fetchLFS: false,
    fetchSubmodules: false,
    generate: false,
    grammar: "query",
    language: "query",
    location: ".",
    url: "https://github.com/nvim-treesitter/tree-sitter-query",
  },
  r: {
    deepClone: false,
    fetchLFS: false,
    fetchSubmodules: false,
    generate: false,
    grammar: "r",
    language: "r",
    location: ".",
    url: "https://github.com/r-lib/tree-sitter-r",
  },
  razor: {
    deepClone: false,
    fetchLFS: false,
    fetchSubmodules: false,
    generate: false,
    grammar: "razor",
    language: "razor",
    location: ".",
    url: "https://github.com/tree-sitter/tree-sitter-razor",
  },
  regex: {
    deepClone: false,
    fetchLFS: false,
    fetchSubmodules: false,
    generate: false,
    grammar: "regex",
    language: "regex",
    location: ".",
    url: "https://github.com/tree-sitter/tree-sitter-regex",
  },
  rego: {
    deepClone: false,
    fetchLFS: false,
    fetchSubmodules: false,
    generate: false,
    grammar: "rego",
    language: "rego",
    location: ".",
    url: "https://github.com/FallenAngel97/tree-sitter-rego",
  },
  rst: {
    deepClone: false,
    fetchLFS: false,
    fetchSubmodules: false,
    generate: false,
    grammar: "rst",
    language: "rst",
    location: ".",
    url: "https://github.com/stsewd/tree-sitter-rst",
  },
  ruby: {
    deepClone: false,
    fetchLFS: false,
    fetchSubmodules: false,
    generate: false,
    grammar: "ruby",
    language: "ruby",
    location: ".",
    url: "https://github.com/tree-sitter/tree-sitter-ruby",
  },
  rust: {
    deepClone: false,
    fetchLFS: false,
    fetchSubmodules: false,
    generate: false,
    grammar: "rust",
    language: "rust",
    location: ".",
    url: "https://github.com/tree-sitter/tree-sitter-rust",
  },
  scala: {
    deepClone: false,
    fetchLFS: false,
    fetchSubmodules: false,
    generate: false,
    grammar: "scala",
    language: "scala",
    location: ".",
    url: "https://github.com/tree-sitter/tree-sitter-scala",
  },
  scheme: {
    deepClone: false,
    fetchLFS: false,
    fetchSubmodules: false,
    generate: false,
    grammar: "scheme",
    language: "scheme",
    location: ".",
    url: "https://github.com/6cdh/tree-sitter-scheme",
  },
  scss: {
    deepClone: false,
    fetchLFS: false,
    fetchSubmodules: false,
    generate: false,
    grammar: "scss",
    language: "scss",
    location: ".",
    url: "https://github.com/serenadeai/tree-sitter-scss",
  },
  smithy: {
    deepClone: false,
    fetchLFS: false,
    fetchSubmodules: false,
    generate: false,
    grammar: "smithy",
    language: "smithy",
    location: ".",
    url: "https://github.com/indoorvivants/tree-sitter-smithy",
  },
  solidity: {
    deepClone: false,
    fetchLFS: false,
    fetchSubmodules: false,
    generate: false,
    grammar: "solidity",
    language: "solidity",
    location: ".",
    url: "https://github.com/JoranHonig/tree-sitter-solidity",
  },
  sparql: {
    deepClone: false,
    fetchLFS: false,
    fetchSubmodules: false,
    generate: false,
    grammar: "sparql",
    language: "sparql",
    location: ".",
    url: "https://github.com/bonabeavis/tree-sitter-sparql",
  },
  sql: {
    deepClone: false,
    fetchLFS: false,
    fetchSubmodules: false,
    generate: false,
    grammar: "sql",
    language: "sql",
    location: ".",
    url: "https://github.com/derekstride/tree-sitter-sql",
  },
  supercollider: {
    deepClone: false,
    fetchLFS: false,
    fetchSubmodules: false,
    generate: false,
    grammar: "supercollider",
    language: "supercollider",
    location: ".",
    url: "https://github.com/madskjeldgaard/tree-sitter-supercollider",
  },
  surface: {
    deepClone: false,
    fetchLFS: false,
    fetchSubmodules: false,
    generate: false,
    grammar: "surface",
    language: "surface",
    location: ".",
    url: "https://github.com/connorlay/tree-sitter-surface",
  },
  svelte: {
    deepClone: false,
    fetchLFS: false,
    fetchSubmodules: false,
    generate: false,
    grammar: "svelte",
    language: "svelte",
    location: ".",
    url: "https://github.com/Himujjal/tree-sitter-svelte",
  },
  tiger: {
    deepClone: false,
    fetchLFS: false,
    fetchSubmodules: false,
    generate: false,
    grammar: "tiger",
    language: "tiger",
    location: ".",
    url: "https://github.com/ambroisie/tree-sitter-tiger",
  },
  tlaplus: {
    deepClone: false,
    fetchLFS: false,
    fetchSubmodules: false,
    generate: false,
    grammar: "tlaplus",
    language: "tlaplus",
    location: ".",
    url: "https://github.com/tlaplus-community/tree-sitter-tlaplus",
  },
  toml: {
    deepClone: false,
    fetchLFS: false,
    fetchSubmodules: false,
    generate: false,
    grammar: "toml",
    language: "toml",
    location: ".",
    url: "https://github.com/tree-sitter/tree-sitter-toml",
  },
  tsq: {
    deepClone: false,
    fetchLFS: false,
    fetchSubmodules: false,
    generate: false,
    grammar: "tsq",
    language: "tsq",
    location: ".",
    url: "https://github.com/tree-sitter/tree-sitter-tsq",
  },
  tsx: {
    deepClone: false,
    fetchLFS: false,
    fetchSubmodules: false,
    generate: false,
    grammar: "typescript",
    language: "tsx",
    location: "tsx",
    url: "https://github.com/tree-sitter/tree-sitter-typescript",
  },
  turtle: {
    deepClone: false,
    fetchLFS: false,
    fetchSubmodules: false,
    generate: false,
    grammar: "turtle",
    language: "turtle",
    location: ".",
    url: "https://github.com/bonabeavis/tree-sitter-turtle",
  },
  typescript: {
    deepClone: false,
    fetchLFS: false,
    fetchSubmodules: false,
    generate: false,
    grammar: "typescript",
    language: "typescript",
    location: "typescript",
    url: "https://github.com/tree-sitter/tree-sitter-typescript",
  },
  typst: {
    deepClone: false,
    fetchLFS: false,
    fetchSubmodules: false,
    generate: true,
    grammar: "typst",
    language: "typst",
    location: ".",
    url: "https://github.com/uben0/tree-sitter-typst",
  },
  verilog: {
    deepClone: false,
    fetchLFS: false,
    fetchSubmodules: false,
    generate: false,
    grammar: "verilog",
    language: "verilog",
    location: ".",
    url: "https://github.com/tree-sitter/tree-sitter-verilog",
  },
  vim: {
    deepClone: false,
    fetchLFS: false,
    fetchSubmodules: false,
    generate: false,
    grammar: "vim",
    language: "vim",
    location: ".",
    url: "https://github.com/vigoux/tree-sitter-viml",
  },
  vue: {
    deepClone: false,
    fetchLFS: false,
    fetchSubmodules: false,
    generate: false,
    grammar: "vue",
    language: "vue",
    location: ".",
    url: "https://github.com/ikatyang/tree-sitter-vue",
  },
  wing: {
    deepClone: false,
    fetchLFS: false,
    fetchSubmodules: false,
    generate: true,
    grammar: "wing",
    language: "wing",
    location: "libs/tree-sitter-wing",
    url: "https://github.com/winglang/wing",
  },
  yaml: {
    deepClone: false,
    fetchLFS: false,
    fetchSubmodules: false,
    generate: false,
    grammar: "yaml",
    language: "yaml",
    location: ".",
    url: "https://github.com/ikatyang/tree-sitter-yaml",
  },
  yang: {
    deepClone: false,
    fetchLFS: false,
    fetchSubmodules: false,
    generate: false,
    grammar: "yang",
    language: "yang",
    location: ".",
    url: "https://github.com/hubro/tree-sitter-yang",
  },
  zig: {
    deepClone: false,
    fetchLFS: false,
    fetchSubmodules: false,
    generate: false,
    grammar: "zig",
    language: "zig",
    location: ".",
    url: "https://github.com/maxxnino/tree-sitter-zig",
  },
}
`;
